[capitol-soft.com/index.html]
[backblue.gif]
[fade.gif]
[index.html]
[capitol-soft.com/img/logo1.png]
[maxcdn.bootstrapcdn.com/bootstrap/4.1.1/css/bootstrap.min.css]
[maxcdn.bootstrapcdn.com/bootstrap/4.1.1/js/bootstrap.min.js]
[cdnjs.cloudflare.com/ajax/libs/jquery/3.2.1/jquery.min.js]
[cdnjs.cloudflare.com/ajax/libs/animate.css/3.7.0/animate.min.css]
[cdnjs.cloudflare.com/ajax/libs/OwlCarousel2/2.3.4/assets/owl.carousel.min.css]
[cdnjs.cloudflare.com/ajax/libs/OwlCarousel2/2.3.4/assets/owl.theme.default.css]
[cdnjs.cloudflare.com/ajax/libs/OwlCarousel2/2.3.4/owl.carousel.js]
[cdnjs.cloudflare.com/ajax/libs/wow/1.1.2/wow.min.js]
[cdnjs.cloudflare.com/ajax/libs/animate.css/3.7.0/animate.css]
[capitol-soft.com/img/capitol.png]
[capitol-soft.com/index-2.html]
[capitol-soft.com/fr/index.html]
[capitol-soft.com/img/ERP1.jpg]
[capitol-soft.com/img/web.jpg]
[capitol-soft.com/img/aa2.jpg]
[capitol-soft.com/img/wm.jpg]
[capitol-soft.com/img/seo1.jpg]
[capitol-soft.com/img/mission.jpg]
[capitol-soft.com/img/plan.jpg]
[capitol-soft.com/img/vision.jpg]
[capitol-soft.com/img/product-features.jpg]
[capitol-soft.com/img/products/restoslide.png]
[capitol-soft.com/img/products/medslide.png]
[capitol-soft.com/img/products/transportslide.png]
[capitol-soft.com/img/products/gymslide.png]
[capitol-soft.com/img/products/schoolslide.png]
[capitol-soft.com/img/products/erpslide.png]
[capitol-soft.com/img/personnel/hajer.jpg]
[capitol-soft.com/img/personnel/adel.jpg]
[capitol-soft.com/img/personnel/faiez.jpg]
[capitol-soft.com/img/personnel/achref.jpg]
[capitol-soft.com/img/personnel/sahar.jpg]
[capitol-soft.com/js/main.js]
[capitol-soft.com/index.html]
[maxcdn.bootstrapcdn.com/bootstrap/4.1.1/css/bootstrap.min.css]
[capitol-soft.com/img/intro-bg.jpg]
[capitol-soft.com/img/backmodule.jpg]
[capitol-soft.com/img/call-to-action-bg.jpg]
[maxcdn.bootstrapcdn.com/font-awesome/4.7.0/css/font-awesome.min.css]
[capitol-soft.com/img/1.jpg]
[capitol-soft.com/img/services-bg.jpg]
[capitol-soft.com/css/style.css]
[capitol-soft.com/img/back.jpg]
[capitol-soft.com/css/cost.css]
[cdnjs.cloudflare.com/ajax/libs/animate.css/3.7.0/animate.min.css]
[cdnjs.cloudflare.com/ajax/libs/OwlCarousel2/2.3.4/assets/owl.video.play.png]
[cdnjs.cloudflare.com/ajax/libs/OwlCarousel2/2.3.4/assets/owl.carousel.min.css]
[cdnjs.cloudflare.com/ajax/libs/OwlCarousel2/2.3.4/assets/owl.theme.default.css]
[cdnjs.cloudflare.com/ajax/libs/animate.css/3.7.0/animate.css]
[capitol-soft.com/css/navbar.css]
[capitol-soft.com/fr/index.html]
[capitol-soft.com/index-2.html]
[capitol-soft.com/css/slider.css]
[capitol-soft.com/fr/index-2.html]
[maxcdn.bootstrapcdn.com/font-awesome/4.7.0/css/font-awesome.min.css]
[capitol-soft.com/fr/index-2.html]
[capitol-soft.com/lib/bootstrap/css/bootstrap.min.html]
[capitol-soft.com/lib/animate/animate.min.html]
[capitol-soft.com/lib/font-awesome/css/font-awesome.min.html]
[capitol-soft.com/lib/ionicons/css/ionicons.min.html]
[capitol-soft.com/lib/magnific-popup/magnific-popup.html]
[capitol-soft.com/+21644162995.html]
[capitol-soft.com/lib/jquery/jquery.min.html]
[capitol-soft.com/lib/jquery/jquery-migrate.min.html]
[capitol-soft.com/lib/bootstrap/js/bootstrap.bundle.min.html]
[capitol-soft.com/lib/easing/easing.min.html]
[capitol-soft.com/lib/wow/wow.min.html]
[capitol-soft.com/lib/superfish/hoverIntent.html]
[capitol-soft.com/lib/superfish/superfish.min.html]
[capitol-soft.com/lib/magnific-popup/magnific-popup.min.html]
[capitol-soft.com/contactform/contactform.html]
[capitol-soft.com/img/about-bg.html]
